I'm sorry, but errors were detected in your script. Please correct the
errors listed below, and try again.


File "game/options.rpy", line 16: invalid syntax
    _("Vivo la misma Soledad de tu Sepulcroos") xpos 100 ypos -35
                                                    ^

Ren'Py Version: Ren'Py 7.4.0.1167
Wed Jan 27 22:34:12 2021
